Archive member included to satisfy reference by file (symbol)

c:/program files (x86)/atmel/studio/7.0/toolchain/avr8/avr8-gnu-toolchain/bin/../lib/gcc/avr/5.4.0/../../../../avr/lib/avr5\libm.a(addsf3.o)
                              lib/bms_ina22x.o (__addsf3)
c:/program files (x86)/atmel/studio/7.0/toolchain/avr8/avr8-gnu-toolchain/bin/../lib/gcc/avr/5.4.0/../../../../avr/lib/avr5\libm.a(addsf3x.o)
                              c:/program files (x86)/atmel/studio/7.0/toolchain/avr8/avr8-gnu-toolchain/bin/../lib/gcc/avr/5.4.0/../../../../avr/lib/avr5\libm.a(addsf3.o) (__addsf3x)
c:/program files (x86)/atmel/studio/7.0/toolchain/avr8/avr8-gnu-toolchain/bin/../lib/gcc/avr/5.4.0/../../../../avr/lib/avr5\libm.a(divsf3.o)
                              lib/bms_ina22x.o (__divsf3)
c:/program files (x86)/atmel/studio/7.0/toolchain/avr8/avr8-gnu-toolchain/bin/../lib/gcc/avr/5.4.0/../../../../avr/lib/avr5\libm.a(divsf3x.o)
                              c:/program files (x86)/atmel/studio/7.0/toolchain/avr8/avr8-gnu-toolchain/bin/../lib/gcc/avr/5.4.0/../../../../avr/lib/avr5\libm.a(divsf3.o) (__divsf3x)
c:/program files (x86)/atmel/studio/7.0/toolchain/avr8/avr8-gnu-toolchain/bin/../lib/gcc/avr/5.4.0/../../../../avr/lib/avr5\libm.a(fixsfsi.o)
                              lib/bms_ina22x.o (__fixsfsi)
c:/program files (x86)/atmel/studio/7.0/toolchain/avr8/avr8-gnu-toolchain/bin/../lib/gcc/avr/5.4.0/../../../../avr/lib/avr5\libm.a(fixunssfsi.o)
                              lib/adc_hal.o (__fixunssfsi)
c:/program files (x86)/atmel/studio/7.0/toolchain/avr8/avr8-gnu-toolchain/bin/../lib/gcc/avr/5.4.0/../../../../avr/lib/avr5\libm.a(floatsisf.o)
                              lib/adc_hal.o (__floatunsisf)
c:/program files (x86)/atmel/studio/7.0/toolchain/avr8/avr8-gnu-toolchain/bin/../lib/gcc/avr/5.4.0/../../../../avr/lib/avr5\libm.a(fp_inf.o)
                              c:/program files (x86)/atmel/studio/7.0/toolchain/avr8/avr8-gnu-toolchain/bin/../lib/gcc/avr/5.4.0/../../../../avr/lib/avr5\libm.a(addsf3x.o) (__fp_inf)
c:/program files (x86)/atmel/studio/7.0/toolchain/avr8/avr8-gnu-toolchain/bin/../lib/gcc/avr/5.4.0/../../../../avr/lib/avr5\libm.a(fp_nan.o)
                              c:/program files (x86)/atmel/studio/7.0/toolchain/avr8/avr8-gnu-toolchain/bin/../lib/gcc/avr/5.4.0/../../../../avr/lib/avr5\libm.a(addsf3x.o) (__fp_nan)
c:/program files (x86)/atmel/studio/7.0/toolchain/avr8/avr8-gnu-toolchain/bin/../lib/gcc/avr/5.4.0/../../../../avr/lib/avr5\libm.a(fp_pscA.o)
                              c:/program files (x86)/atmel/studio/7.0/toolchain/avr8/avr8-gnu-toolchain/bin/../lib/gcc/avr/5.4.0/../../../../avr/lib/avr5\libm.a(addsf3x.o) (__fp_pscA)
c:/program files (x86)/atmel/studio/7.0/toolchain/avr8/avr8-gnu-toolchain/bin/../lib/gcc/avr/5.4.0/../../../../avr/lib/avr5\libm.a(fp_pscB.o)
                              c:/program files (x86)/atmel/studio/7.0/toolchain/avr8/avr8-gnu-toolchain/bin/../lib/gcc/avr/5.4.0/../../../../avr/lib/avr5\libm.a(addsf3x.o) (__fp_pscB)
c:/program files (x86)/atmel/studio/7.0/toolchain/avr8/avr8-gnu-toolchain/bin/../lib/gcc/avr/5.4.0/../../../../avr/lib/avr5\libm.a(fp_round.o)
                              c:/program files (x86)/atmel/studio/7.0/toolchain/avr8/avr8-gnu-toolchain/bin/../lib/gcc/avr/5.4.0/../../../../avr/lib/avr5\libm.a(addsf3.o) (__fp_round)
c:/program files (x86)/atmel/studio/7.0/toolchain/avr8/avr8-gnu-toolchain/bin/../lib/gcc/avr/5.4.0/../../../../avr/lib/avr5\libm.a(fp_split3.o)
                              c:/program files (x86)/atmel/studio/7.0/toolchain/avr8/avr8-gnu-toolchain/bin/../lib/gcc/avr/5.4.0/../../../../avr/lib/avr5\libm.a(addsf3x.o) (__fp_split3)
c:/program files (x86)/atmel/studio/7.0/toolchain/avr8/avr8-gnu-toolchain/bin/../lib/gcc/avr/5.4.0/../../../../avr/lib/avr5\libm.a(fp_zero.o)
                              c:/program files (x86)/atmel/studio/7.0/toolchain/avr8/avr8-gnu-toolchain/bin/../lib/gcc/avr/5.4.0/../../../../avr/lib/avr5\libm.a(addsf3x.o) (__fp_zero)
c:/program files (x86)/atmel/studio/7.0/toolchain/avr8/avr8-gnu-toolchain/bin/../lib/gcc/avr/5.4.0/../../../../avr/lib/avr5\libm.a(mulsf3.o)
                              lib/adc_hal.o (__mulsf3)
c:/program files (x86)/atmel/studio/7.0/toolchain/avr8/avr8-gnu-toolchain/bin/../lib/gcc/avr/5.4.0/../../../../avr/lib/avr5\libm.a(mulsf3x.o)
                              c:/program files (x86)/atmel/studio/7.0/toolchain/avr8/avr8-gnu-toolchain/bin/../lib/gcc/avr/5.4.0/../../../../avr/lib/avr5\libm.a(mulsf3.o) (__mulsf3x)
c:/program files (x86)/atmel/studio/7.0/toolchain/avr8/avr8-gnu-toolchain/bin/../lib/gcc/avr/5.4.0/../../../../avr/lib/avr5\libprintf_flt.a(vfprintf_flt.o)
                              (vfprintf)
c:/program files (x86)/atmel/studio/7.0/toolchain/avr8/avr8-gnu-toolchain/bin/../lib/gcc/avr/5.4.0/avr5\libgcc.a(_mulsi3.o)
                              u8g2/u8g2_circle.o (__mulsi3)
[...]
Memory Configuration

Name             Origin             Length             Attributes
text             0x00000000         0x00008000         xr
data             0x00800100         0x00000800         rw !x
eeprom           0x00810000         0x00000400         rw !x
fuse             0x00820000         0x00000003         rw !x
lock             0x00830000         0x00000400         rw !x
signature        0x00840000         0x00000400         rw !x
user_signatures  0x00850000         0x00000400         rw !x
*default*        0x00000000         0xffffffff

Linker script and memory map

Address of section .data set to 0x800100
LOAD C:/Program Files (x86)/Atmel/Studio/7.0/Packs/atmel/ATmega_DFP/1.7.374/gcc/dev/atmega328pb/avr5/crtatmega328pb.o
LOAD lib/adc_hal.o
LOAD lib/bms_ina22x.o
LOAD lib/display_fn.o
LOAD lib/gpio_driver.o
LOAD lib/rtc.o
LOAD lib/spi1_hall.o
LOAD lib/twi_hal1.o
LOAD lib/uart_hal.o
LOAD main.o
LOAD u8g2/mui.o
LOAD u8g2/mui_u8g2.o
LOAD u8g2/u8g2_bitmap.o
LOAD u8g2/u8g2_box.o
LOAD u8g2/u8g2_buffer.o
LOAD u8g2/u8g2_button.o
LOAD u8g2/u8g2_circle.o
LOAD u8g2/u8g2_cleardisplay.o
LOAD u8g2/u8g2_d_memory.o
LOAD u8g2/u8g2_d_setup.o
LOAD u8g2/u8g2_font.o
LOAD u8g2/u8g2_fonts.o
LOAD u8g2/u8g2_hvline.o
LOAD u8g2/u8g2_input_value.o
LOAD u8g2/u8g2_intersection.o
LOAD u8g2/u8g2_kerning.o
LOAD u8g2/u8g2_line.o
LOAD u8g2/u8g2_ll_hvline.o
LOAD u8g2/u8g2_message.o
LOAD u8g2/u8g2_polygon.o
LOAD u8g2/u8g2_selection_list.o
LOAD u8g2/u8g2_setup.o
LOAD u8g2/u8log.o
LOAD u8g2/u8log_u8g2.o
LOAD u8g2/u8log_u8x8.o
LOAD u8g2/u8x8_8x8.o
LOAD u8g2/u8x8_byte.o
LOAD u8g2/u8x8_cad.o
LOAD u8g2/u8x8_capture.o
LOAD u8g2/u8x8_debounce.o
LOAD u8g2/u8x8_display.o
LOAD u8g2/u8x8_d_a2printer.o
LOAD u8g2/u8x8_d_gp1247ai.o
LOAD u8g2/u8x8_d_gp1287ai.o
LOAD u8g2/u8x8_d_gu800.o
LOAD u8g2/u8x8_d_hd44102.o
LOAD u8g2/u8x8_d_il3820_296x128.o
LOAD u8g2/u8x8_d_ist3020.o
LOAD u8g2/u8x8_d_ist3088.o
LOAD u8g2/u8x8_d_ist7920.o
LOAD u8g2/u8x8_d_ks0108.o
LOAD u8g2/u8x8_d_lc7981.o
LOAD u8g2/u8x8_d_ld7032_60x32.o
LOAD u8g2/u8x8_d_ls013b7dh03.o
LOAD u8g2/u8x8_d_max7219.o
LOAD u8g2/u8x8_d_pcd8544_84x48.o
LOAD u8g2/u8x8_d_pcf8812.o
LOAD u8g2/u8x8_d_pcf8814_hx1230.o
LOAD u8g2/u8x8_d_s1d15300.o
LOAD u8g2/u8x8_d_s1d15721.o
LOAD u8g2/u8x8_d_s1d15e06.o
LOAD u8g2/u8x8_d_sbn1661.o
LOAD u8g2/u8x8_d_sed1330.o
LOAD u8g2/u8x8_d_sh1106_64x32.o
LOAD u8g2/u8x8_d_sh1106_72x40.o
LOAD u8g2/u8x8_d_sh1107.o
LOAD u8g2/u8x8_d_sh1108.o
LOAD u8g2/u8x8_d_sh1122.o
LOAD u8g2/u8x8_d_ssd1305.o
LOAD u8g2/u8x8_d_ssd1306_128x32.o
LOAD u8g2/u8x8_d_ssd1306_128x64_noname.o
LOAD u8g2/u8x8_d_ssd1306_2040x16.o
LOAD u8g2/u8x8_d_ssd1306_48x64.o
LOAD u8g2/u8x8_d_ssd1306_64x32.o
LOAD u8g2/u8x8_d_ssd1306_64x48.o
LOAD u8g2/u8x8_d_ssd1306_72x40.o
LOAD u8g2/u8x8_d_ssd1306_96x16.o
LOAD u8g2/u8x8_d_ssd1306_96x40.o
LOAD u8g2/u8x8_d_ssd1309.o
LOAD u8g2/u8x8_d_ssd1316.o
LOAD u8g2/u8x8_d_ssd1317.o
LOAD u8g2/u8x8_d_ssd1318.o
LOAD u8g2/u8x8_d_ssd1320.o
LOAD u8g2/u8x8_d_ssd1322.o
LOAD u8g2/u8x8_d_ssd1325.o
LOAD u8g2/u8x8_d_ssd1326.o
LOAD u8g2/u8x8_d_ssd1327.o
LOAD u8g2/u8x8_d_ssd1329.o
LOAD u8g2/u8x8_d_ssd1362.o
LOAD u8g2/u8x8_d_ssd1606_172x72.o
LOAD u8g2/u8x8_d_ssd1607_200x200.o
LOAD u8g2/u8x8_d_st7511.o
LOAD u8g2/u8x8_d_st75160.o
LOAD u8g2/u8x8_d_st75256.o
LOAD u8g2/u8x8_d_st7528.o
LOAD u8g2/u8x8_d_st75320.o
LOAD u8g2/u8x8_d_st7539.o
LOAD u8g2/u8x8_d_st7565.o
LOAD u8g2/u8x8_d_st7567.o
LOAD u8g2/u8x8_d_st7571.o
LOAD u8g2/u8x8_d_st7586s_erc240160.o
LOAD u8g2/u8x8_d_st7586s_jlx384160.o
LOAD u8g2/u8x8_d_st7586s_s028hn118a.o
LOAD u8g2/u8x8_d_st7586s_ymc240160.o
LOAD u8g2/u8x8_d_st7588.o
LOAD u8g2/u8x8_d_st7920.o
LOAD u8g2/u8x8_d_stdio.o
LOAD u8g2/u8x8_d_t6963.o
LOAD u8g2/u8x8_d_uc1601.o
LOAD u8g2/u8x8_d_uc1604.o
LOAD u8g2/u8x8_d_uc1608.o
LOAD u8g2/u8x8_d_uc1609.o
LOAD u8g2/u8x8_d_uc1610.o
LOAD u8g2/u8x8_d_uc1611.o
LOAD u8g2/u8x8_d_uc1617.o
LOAD u8g2/u8x8_d_uc1638.o
LOAD u8g2/u8x8_d_uc1701_dogs102.o
LOAD u8g2/u8x8_d_uc1701_mini12864.o
LOAD u8g2/u8x8_fonts.o
LOAD u8g2/u8x8_gpio.o
LOAD u8g2/u8x8_input_value.o
LOAD u8g2/u8x8_message.o
LOAD u8g2/u8x8_selection_list.o
LOAD u8g2/u8x8_setup.o
LOAD u8g2/u8x8_string.o
LOAD u8g2/u8x8_u16toa.o
LOAD u8g2/u8x8_u8toa.o
START GROUP
LOAD c:/program files (x86)/atmel/studio/7.0/toolchain/avr8/avr8-gnu-toolchain/bin/../lib/gcc/avr/5.4.0/../../../../avr/lib/avr5\libm.a
LOAD c:/program files (x86)/atmel/studio/7.0/toolchain/avr8/avr8-gnu-toolchain/bin/../lib/gcc/avr/5.4.0/../../../../avr/lib/avr5\libprintf_flt.a
LOAD c:/program files (x86)/atmel/studio/7.0/toolchain/avr8/avr8-gnu-toolchain/bin/../lib/gcc/avr/5.4.0/../../../../avr/lib/avr5\libscanf_flt.a
END GROUP
START GROUP
LOAD c:/program files (x86)/atmel/studio/7.0/toolchain/avr8/avr8-gnu-toolchain/bin/../lib/gcc/avr/5.4.0/avr5\libgcc.a
LOAD c:/program files (x86)/atmel/studio/7.0/toolchain/avr8/avr8-gnu-toolchain/bin/../lib/gcc/avr/5.4.0/../../../../avr/lib/avr5\libm.a
LOAD c:/program files (x86)/atmel/studio/7.0/toolchain/avr8/avr8-gnu-toolchain/bin/../lib/gcc/avr/5.4.0/../../../../avr/lib/avr5\libc.a
LOAD C:/Program Files (x86)/Atmel/Studio/7.0/Packs/atmel/ATmega_DFP/1.7.374/gcc/dev/atmega328pb/avr5\libatmega328pb.a
END GROUP
                [0x00000000]                __TEXT_REGION_ORIGIN__ = DEFINED (__TEXT_REGION_ORIGIN__)?__TEXT_REGION_ORIGIN__:0x0
                [0x00800100]                __DATA_REGION_ORIGIN__ = DEFINED (__DATA_REGION_ORIGIN__)?__DATA_REGION_ORIGIN__:0x800060
                [0x00008000]                __TEXT_REGION_LENGTH__ = DEFINED (__TEXT_REGION_LENGTH__)?__TEXT_REGION_LENGTH__:0x20000
                [0x00000800]                __DATA_REGION_LENGTH__ = DEFINED (__DATA_REGION_LENGTH__)?__DATA_REGION_LENGTH__:0xffa0
                [0x00000400]                __EEPROM_REGION_LENGTH__ = DEFINED (__EEPROM_REGION_LENGTH__)?__EEPROM_REGION_LENGTH__:0x10000
                [0x00000003]                __FUSE_REGION_LENGTH__ = DEFINED (__FUSE_REGION_LENGTH__)?__FUSE_REGION_LENGTH__:0x400
                0x00000400                __LOCK_REGION_LENGTH__ = DEFINED (__LOCK_REGION_LENGTH__)?__LOCK_REGION_LENGTH__:0x400
                0x00000400                __SIGNATURE_REGION_LENGTH__ = DEFINED (__SIGNATURE_REGION_LENGTH__)?__SIGNATURE_REGION_LENGTH__:0x400
                0x00000400                __USER_SIGNATURE_REGION_LENGTH__ = DEFINED (__USER_SIGNATURE_REGION_LENGTH__)?__USER_SIGNATURE_REGION_LENGTH__:0x400

.hash
 *(.hash)

.dynsym
 *(.dynsym)

.dynstr
 *(.dynstr)

.gnu.version
 *(.gnu.version)

.gnu.version_d
 *(.gnu.version_d)

.gnu.version_r
 *(.gnu.version_r)

.rel.init
 *(.rel.init)

.rela.init
 *(.rela.init)

.rel.text
 *(.rel.text)
 *(.rel.text.*)
 *(.rel.gnu.linkonce.t*)

.rela.text
 *(.rela.text)
 *(.rela.text.*)
 *(.rela.gnu.linkonce.t*)

.rel.fini
 *(.rel.fini)

.rela.fini
 *(.rela.fini)

.rel.rodata
 *(.rel.rodata)
 *(.rel.rodata.*)
 *(.rel.gnu.linkonce.r*)

.rela.rodata
 *(.rela.rodata)
 *(.rela.rodata.*)
 *(.rela.gnu.linkonce.r*)

.rel.data
 *(.rel.data)
 *(.rel.data.*)
 *(.rel.gnu.linkonce.d*)

.rela.data
 *(.rela.data)
 *(.rela.data.*)
 *(.rela.gnu.linkonce.d*)

.rel.ctors
 *(.rel.ctors)

.rela.ctors
 *(.rela.ctors)

.rel.dtors
 *(.rel.dtors)

.rela.dtors
 *(.rela.dtors)

.rel.got
 *(.rel.got)

.rela.got
 *(.rela.got)

.rel.bss
 *(.rel.bss)

.rela.bss
 *(.rela.bss)

.rel.plt
 *(.rel.plt)

.rela.plt
 *(.rela.plt)

.text           0x00000000     0x3c36
 *(.vectors)
 .vectors       0x00000000       0xb4 C:/Program Files (x86)/Atmel/Studio/7.0/Packs/atmel/ATmega_DFP/1.7.374/gcc/dev/atmega328pb/avr5/crtatmega328pb.o
                0x00000000                __vectors
                0x00000000                __vector_default
 *(.vectors)
 *(.progmem.gcc*)
                0x000000b4                . = ALIGN (0x2)
                0x000000b4                __trampolines_start = .
 *(.trampolines)
 .trampolines   0x000000b4        0x0 linker stubs
 *(.trampolines*)
                0x000000b4                __trampolines_end = .
 *libprintf_flt.a:*(.progmem.data)
 .progmem.data  0x000000b4        0x8 c:/program files (x86)/atmel/studio/7.0/toolchain/avr8/avr8-gnu-toolchain/bin/../lib/gcc/avr/5.4.0/../../../../avr/lib/avr5\libprintf_flt.a(vfprintf_flt.o)
 *libc.a:*(.progmem.data)
 .progmem.data  0x000000bc       0xfa c:/program files (x86)/atmel/studio/7.0/toolchain/avr8/avr8-gnu-toolchain/bin/../lib/gcc/avr/5.4.0/../../../../avr/lib/avr5\libc.a(ftoa_engine.o)
 *(.progmem*)
 .progmem.u8g2_font_6x10_mf
                0x000001b6      0x959 u8g2/u8g2_fonts.o
                0x000001b6                u8g2_font_6x10_mf
                0x00000b10                . = ALIGN (0x2)
 *fill*         0x00000b0f        0x1 
 *(.jumptables)
 *(.jumptables*)
 *(.lowtext)
 *(.lowtext*)
                0x00000b10                __ctors_start = .
 *(.ctors)
                0x00000b10                __ctors_end = .
                0x00000b10                __dtors_start = .
 *(.dtors)
                0x00000b10                __dtors_end = .
 SORT(*)(.ctors)
 SORT(*)(.dtors)
 *(.init0)
 .init0         0x00000b10        0x0 C:/Program Files (x86)/Atmel/Studio/7.0/Packs/atmel/ATmega_DFP/1.7.374/gcc/dev/atmega328pb/avr5/crtatmega328pb.o
                0x00000b10                __init
 *(.init0)
 *(.init1)
 *(.init1)
 *(.init2)
 .init2         0x00000b10        0xc C:/Program Files (x86)/Atmel/Studio/7.0/Packs/atmel/ATmega_DFP/1.7.374/gcc/dev/atmega328pb/avr5/crtatmega328pb.o
 *(.init2)
 *(.init3)
 *(.init3)
 *(.init4)
 .init4         0x00000b1c       0x16 c:/program files (x86)/atmel/studio/7.0/toolchain/avr8/avr8-gnu-toolchain/bin/../lib/gcc/avr/5.4.0/avr5\libgcc.a(_copy_data.o)
                0x00000b1c                __do_copy_data
 .init4         0x00000b32       0x10 c:/program files (x86)/atmel/studio/7.0/toolchain/avr8/avr8-gnu-toolchain/bin/../lib/gcc/avr/5.4.0/avr5\libgcc.a(_clear_bss.o)
                0x00000b32                __do_clear_bss
 *(.init4)
 *(.init5)
 *(.init5)
 *(.init6)
 *(.init6)
 *(.init7)
 *(.init7)
 *(.init8)
 *(.init8)
 *(.init9)
 .init9         0x00000b42        0x8 C:/Program Files (x86)/Atmel/Studio/7.0/Packs/atmel/ATmega_DFP/1.7.374/gcc/dev/atmega328pb/avr5/crtatmega328pb.o
 *(.init9)
 *(.text)
 .text          0x00000b4a        0x4 C:/Program Files (x86)/Atmel/Studio/7.0/Packs/atmel/ATmega_DFP/1.7.374/gcc/dev/atmega328pb/avr5/crtatmega328pb.o
                0x00000b4a                __vector_30
                0x00000b4a                __vector_31
                0x00000b4a                __vector_38
                0x00000b4a                __vector_37
                0x00000b4a                __vector_36
                0x00000b4a                __vector_33
                0x00000b4a                __vector_32
                0x00000b4a                __vector_35
                0x00000b4a                __vector_34
                0x00000b4a                __vector_22
                0x00000b4a                __vector_29
                0x00000b4a                __vector_28
                0x00000b4a                __vector_27
                0x00000b4a                __vector_24
                0x00000b4a                __vector_23
                0x00000b4a                __vector_25
                0x00000b4a                __vector_26
                0x00000b4a                __vector_12
                0x00000b4a                __vector_13
                0x00000b4a                __vector_10
                0x00000b4a                __vector_19
                0x00000b4a                __vector_11
                0x00000b4a                __vector_3
                0x00000b4a                __vector_4
                0x00000b4a                __vector_9
                0x00000b4a                __vector_2
                0x00000b4a                __vector_7
                0x00000b4a                __vector_6
                0x00000b4a                __vector_5
                0x00000b4a                __vector_8
                0x00000b4a                __vector_15
                0x00000b4a                __vector_14
                0x00000b4a                __vector_16
                0x00000b4a                __vector_17
                0x00000b4a                __bad_interrupt
                0x00000b4a                __vector_41
                0x00000b4a                __vector_42
                0x00000b4a                __vector_44
                0x00000b4a                __vector_43
                0x00000b4e                . = ALIGN (0x2)
 *(.text.*)
 .text.__vector_21
                0x00000b4e       0x1e lib/adc_hal.o
                0x00000b4e                __vector_21
 .text.adc_init
                0x00000b6c       0x16 lib/adc_hal.o
                0x00000b6c                adc_init
 .text.adc_pin_select
                0x00000b82       0x12 lib/adc_hal.o
                0x00000b82                adc_pin_select
 .text.adc_convert
                0x00000b94       0x34 lib/adc_hal.o
                0x00000b94                adc_convert
 .text.get_mVolt
                0x00000bc8       0x26 lib/adc_hal.o
                0x00000bc8                get_mVolt
 .text.PowerMeterInit
                0x00000bee       0x30 lib/bms_ina22x.o
                0x00000bee                PowerMeterInit
 .text.PowerMeterGetReg
                0x00000c1e       0x38 lib/bms_ina22x.o
                0x00000c1e                PowerMeterGetReg
 .text.PowerMeterMeasure
                0x00000c56       0xda lib/bms_ina22x.o
                0x00000c56                PowerMeterMeasure
 .text.lcd_gpio_init
                0x00000d30       0x3e lib/display_fn.o
                0x00000d30                lcd_gpio_init
 .text.fake_delay_fn
                0x00000d6e        0x4 lib/display_fn.o
                0x00000d6e                fake_delay_fn
 .text.gpio_set_pin_level
                0x00000d72       0x52 lib/gpio_driver.o
                0x00000d72                gpio_set_pin_level
 .text.gpio_set_pin_direction
                0x00000dc4       0x84 lib/gpio_driver.o
                0x00000dc4                gpio_set_pin_direction
 .text.rtc_int_enable
                0x00000e48       0x46 lib/rtc.o
                0x00000e48                rtc_int_enable
 .text.BCDtoDEC
                0x00000e8e       0x16 lib/rtc.o
                0x00000e8e                BCDtoDEC
 .text.rtc_sync
                0x00000ea4       0x86 lib/rtc.o
                0x00000ea4                rtc_sync
 .text.DECtoBCD
                0x00000f2a       0x26 lib/rtc.o
                0x00000f2a                DECtoBCD
 .text.rtc_set  0x00000f50       0x82 lib/rtc.o
                0x00000f50                rtc_set
 .text.__vector_39
                0x00000fd2       0x2e lib/spi1_hall.o
                0x00000fd2                __vector_39
 .text.spi1_init
                0x00001000       0x56 lib/spi1_hall.o
                0x00001000                spi1_init
 .text.twi_start
                0x00001056       0x20 lib/twi_hal1.o
 .text.twi_addr_write_ack
                0x00001076       0x20 lib/twi_hal1.o
 .text.twi_data_write_ack
                0x00001096       0x20 lib/twi_hal1.o
 .text.__vector_40
                0x000010b6       0x22 lib/twi_hal1.o
                0x000010b6                __vector_40
 .text.twi_read
                0x000010d8      0x140 lib/twi_hal1.o
                0x000010d8                twi_read
 .text.twi_write
                0x00001218       0x98 lib/twi_hal1.o
                0x00001218                twi_write
 .text.twi_transfer
                0x000012b0       0x82 lib/twi_hal1.o
                0x000012b0                twi_transfer
 .text.twi_init
                0x00001332       0x2e lib/twi_hal1.o
                0x00001332                twi_init
 .text.__vector_18
                0x00001360       0x6e lib/uart_hal.o
                0x00001360                __vector_18
 .text.__vector_20
                0x000013ce       0x1e lib/uart_hal.o
                0x000013ce                __vector_20
 .text.uart_init
                0x000013ec       0x68 lib/uart_hal.o
                0x000013ec                uart_init
 .text.uart_send_byte
                0x00001454       0x12 lib/uart_hal.o
                0x00001454                uart_send_byte
 .text.uart_send_string
                0x00001466       0x18 lib/uart_hal.o
                0x00001466                uart_send_string
 .text.__vector_1
                0x0000147e       0x1e main.o
                0x0000147e                __vector_1
 .text.main     0x0000149c      0x3ce main.o
                0x0000149c                main
 .text.u8g2_send_buffer
                0x0000186a       0x98 u8g2/u8g2_buffer.o
 .text.u8g2_ClearBuffer
                0x00001902       0x2c u8g2/u8g2_buffer.o
                0x00001902                u8g2_ClearBuffer
 .text.u8g2_SendBuffer
                0x0000192e       0x16 u8g2/u8g2_buffer.o
                0x0000192e                u8g2_SendBuffer
 .text.u8g2_m_16_4_f
                0x00001944        0xc u8g2/u8g2_d_memory.o
                0x00001944                u8g2_m_16_4_f
 .text.u8g2_Setup_ssd1306_i2c_128x32_univision_f
                0x00001950       0x56 u8g2/u8g2_d_setup.o
                0x00001950                u8g2_Setup_ssd1306_i2c_128x32_univision_f
 .text.u8g2_font_get_word
                0x000019a6       0x18 u8g2/u8g2_font.o
 .text.u8g2_font_calc_vref_font
                0x000019be        0x6 u8g2/u8g2_font.o
                0x000019be                u8g2_font_calc_vref_font
 .text.u8g2_read_font_info
                0x000019c4       0xbe u8g2/u8g2_font.o
                0x000019c4                u8g2_read_font_info
 .text.u8g2_font_decode_get_unsigned_bits
                0x00001a82       0x60 u8g2/u8g2_font.o
                0x00001a82                u8g2_font_decode_get_unsigned_bits
 .text.u8g2_font_setup_decode
                0x00001ae2       0x52 u8g2/u8g2_font.o
 .text.u8g2_font_decode_get_signed_bits
                0x00001b34       0x1e u8g2/u8g2_font.o
                0x00001b34                u8g2_font_decode_get_signed_bits
 .text.u8g2_add_vector_y
                0x00001b52       0x34 u8g2/u8g2_font.o
                0x00001b52                u8g2_add_vector_y
 .text.u8g2_add_vector_x
                0x00001b86       0x34 u8g2/u8g2_font.o
                0x00001b86                u8g2_add_vector_x
 .text.u8g2_font_decode_len
                0x00001bba       0xe8 u8g2/u8g2_font.o
                0x00001bba                u8g2_font_decode_len
 .text.u8g2_font_decode_glyph
                0x00001ca2      0x1d2 u8g2/u8g2_font.o
                0x00001ca2                u8g2_font_decode_glyph
 .text.u8g2_font_get_glyph_data
                0x00001e74      0x128 u8g2/u8g2_font.o
                0x00001e74                u8g2_font_get_glyph_data
 .text.u8g2_DrawGlyph
                0x00001f9c       0xc8 u8g2/u8g2_font.o
                0x00001f9c                u8g2_DrawGlyph
 .text.u8g2_draw_string
                0x00002064       0xae u8g2/u8g2_font.o
 .text.u8g2_DrawStr
                0x00002112       0x14 u8g2/u8g2_font.o
                0x00002112                u8g2_DrawStr
 .text.u8g2_UpdateRefHeight
                0x00002126       0x88 u8g2/u8g2_font.o
                0x00002126                u8g2_UpdateRefHeight
 .text.u8g2_SetFontPosBaseline
                0x000021ae       0x10 u8g2/u8g2_font.o
                0x000021ae                u8g2_SetFontPosBaseline
 .text.u8g2_SetFont
                0x000021be       0x2e u8g2/u8g2_font.o
                0x000021be                u8g2_SetFont
 .text.u8g2_draw_hv_line_2dir
                0x000021ec       0x1e u8g2/u8g2_hvline.o
                0x000021ec                u8g2_draw_hv_line_2dir
 .text.u8g2_DrawHVLine
                0x0000220a      0x130 u8g2/u8g2_hvline.o
                0x0000220a                u8g2_DrawHVLine
 .text.u8g2_is_intersection_decision_tree
                0x0000233a       0x32 u8g2/u8g2_intersection.o
                0x0000233a                u8g2_is_intersection_decision_tree
 .text.u8g2_IsIntersection
                0x0000236c       0x4a u8g2/u8g2_intersection.o
                0x0000236c                u8g2_IsIntersection
 .text.u8g2_ll_hvline_vertical_top_lsb
                0x000023b6       0xd2 u8g2/u8g2_ll_hvline.o
                0x000023b6                u8g2_ll_hvline_vertical_top_lsb
 .text.u8g2_update_dimension_common
                0x00002488       0xa0 u8g2/u8g2_setup.o
 .text.u8g2_update_dimension_r0
                0x00002528        0x6 u8g2/u8g2_setup.o
                0x00002528                u8g2_update_dimension_r0
 .text.u8g2_apply_clip_window
                0x0000252e       0x9a u8g2/u8g2_setup.o
 .text.u8g2_update_page_win_r0
                0x000025c8       0x26 u8g2/u8g2_setup.o
                0x000025c8                u8g2_update_page_win_r0
 .text.u8g2_draw_l90_r0
                0x000025ee        0xa u8g2/u8g2_setup.o
                0x000025ee                u8g2_draw_l90_r0
 .text.u8g2_SetMaxClipWindow
                0x000025f8       0x38 u8g2/u8g2_setup.o
                0x000025f8                u8g2_SetMaxClipWindow
 .text.u8g2_SetupBuffer
                0x00002630       0x60 u8g2/u8g2_setup.o
                0x00002630                u8g2_SetupBuffer
 .text.u8x8_ascii_next
                0x00002690       0x1a u8g2/u8x8_8x8.o
                0x00002690                u8x8_ascii_next
 .text.u8x8_utf8_init
                0x000026aa        0x6 u8g2/u8x8_8x8.o
                0x000026aa                u8x8_utf8_init
 .text.u8x8_byte_SendBytes
                0x000026b0       0x14 u8g2/u8x8_byte.o
                0x000026b0                u8x8_byte_SendBytes
 .text.u8x8_byte_SendByte
                0x000026c4       0x20 u8g2/u8x8_byte.o
                0x000026c4                u8x8_byte_SendByte
 .text.u8x8_byte_StartTransfer
                0x000026e4       0x16 u8g2/u8x8_byte.o
                0x000026e4                u8x8_byte_StartTransfer
 .text.u8x8_byte_EndTransfer
                0x000026fa       0x16 u8g2/u8x8_byte.o
                0x000026fa                u8x8_byte_EndTransfer
 .text.u8x8_byte_sw_i2c
                0x00002710       0x6a u8g2/u8x8_byte.o
                0x00002710                u8x8_byte_sw_i2c
 .text.u8x8_i2c_data_transfer
                0x0000277a       0x3c u8g2/u8x8_cad.o
 .text.u8x8_cad_SendCmd
                0x000027b6       0x16 u8g2/u8x8_cad.o
                0x000027b6                u8x8_cad_SendCmd
 .text.u8x8_cad_SendArg
                0x000027cc       0x16 u8g2/u8x8_cad.o
                0x000027cc                u8x8_cad_SendArg
 .text.u8x8_cad_SendData
                0x000027e2       0x14 u8g2/u8x8_cad.o
                0x000027e2                u8x8_cad_SendData
 .text.u8x8_cad_StartTransfer
                0x000027f6       0x16 u8g2/u8x8_cad.o
                0x000027f6                u8x8_cad_StartTransfer
 .text.u8x8_cad_EndTransfer
                0x0000280c       0x16 u8g2/u8x8_cad.o
                0x0000280c                u8x8_cad_EndTransfer
 .text.u8x8_cad_SendSequence
                0x00002822       0xa6 u8g2/u8x8_cad.o
                0x00002822                u8x8_cad_SendSequence
 .text.u8x8_cad_ssd13xx_fast_i2c
                0x000028c8       0xf4 u8g2/u8x8_cad.o
                0x000028c8                u8x8_cad_ssd13xx_fast_i2c
 .text.u8x8_d_helper_display_setup_memory
                0x000029bc       0x10 u8g2/u8x8_display.o
                0x000029bc                u8x8_d_helper_display_setup_memory
 .text.u8x8_d_helper_display_init
                0x000029cc       0x72 u8g2/u8x8_display.o
                0x000029cc                u8x8_d_helper_display_init
 .text.u8x8_DrawTile
                0x00002a3e       0x46 u8g2/u8x8_display.o
                0x00002a3e                u8x8_DrawTile
 .text.u8x8_SetupMemory
                0x00002a84       0x16 u8g2/u8x8_display.o
                0x00002a84                u8x8_SetupMemory
 .text.u8x8_InitDisplay
                0x00002a9a       0x16 u8g2/u8x8_display.o
                0x00002a9a                u8x8_InitDisplay
 .text.u8x8_SetPowerSave
                0x00002ab0       0x16 u8g2/u8x8_display.o
                0x00002ab0                u8x8_SetPowerSave
 .text.u8x8_SetFlipMode
                0x00002ac6       0x16 u8g2/u8x8_display.o
                0x00002ac6                u8x8_SetFlipMode
 .text.u8x8_SetContrast
                0x00002adc       0x16 u8g2/u8x8_display.o
                0x00002adc                u8x8_SetContrast
 .text.u8x8_RefreshDisplay
                0x00002af2       0x16 u8g2/u8x8_display.o
                0x00002af2                u8x8_RefreshDisplay
 .text.u8x8_d_ssd1306_128x32_generic
                0x00002b08      0x122 u8g2/u8x8_d_ssd1306_128x32.o
 .text.u8x8_d_ssd1306_128x32_univision
                0x00002c2a       0x16 u8g2/u8x8_d_ssd1306_128x32.o
                0x00002c2a                u8x8_d_ssd1306_128x32_univision
 .text.u8x8_gpio_call
                0x00002c40       0x12 u8g2/u8x8_gpio.o
                0x00002c40                u8x8_gpio_call
 .text.u8x8_dummy_cb
                0x00002c52        0x4 u8g2/u8x8_setup.o
                0x00002c52                u8x8_dummy_cb
 .text.u8x8_SetupDefaults
                0x00002c56       0x2e u8g2/u8x8_setup.o
                0x00002c56                u8x8_SetupDefaults
 .text.u8x8_Setup
                0x00002c84       0x4c u8g2/u8x8_setup.o
                0x00002c84                u8x8_Setup
 .text.avr-libc.fplib
                0x00002cd0        0xe c:/program files (x86)/atmel/studio/7.0/toolchain/avr8/avr8-gnu-toolchain/bin/../lib/gcc/avr/5.4.0/../../../../avr/lib/avr5\libm.a(addsf3.o)
                0x00002cd0                __subsf3
                0x00002cd2                __addsf3
 .text.avr-libc.fplib
                0x00002cde       0xcc c:/program files (x86)/atmel/studio/7.0/toolchain/avr8/avr8-gnu-toolchain/bin/../lib/gcc/avr/5.4.0/../../../../avr/lib/avr5\libm.a(addsf3x.o)
                0x00002d00                __addsf3x
 .text.avr-libc.fplib
                0x00002daa        0x8 c:/program files (x86)/atmel/studio/7.0/toolchain/avr8/avr8-gnu-toolchain/bin/../lib/gcc/avr/5.4.0/../../../../avr/lib/avr5\libm.a(divsf3.o)
                0x00002daa                __divsf3
 .text.avr-libc.fplib
                0x00002db2       0xdc c:/program files (x86)/atmel/studio/7.0/toolchain/avr8/avr8-gnu-toolchain/bin/../lib/gcc/avr/5.4.0/../../../../avr/lib/avr5\libm.a(divsf3x.o)
                0x00002dd2                __divsf3x
                0x00002dd8                __divsf3_pse
 .text.avr-libc.fplib
                0x00002e8e        0xe c:/program files (x86)/atmel/studio/7.0/toolchain/avr8/avr8-gnu-toolchain/bin/../lib/gcc/avr/5.4.0/../../../../avr/lib/avr5\libm.a(fixsfsi.o)
                0x00002e8e                __fixsfsi
 .text.avr-libc.fplib
                0x00002e9c       0x5e c:/program files (x86)/atmel/studio/7.0/toolchain/avr8/avr8-gnu-toolchain/bin/../lib/gcc/avr/5.4.0/../../../../avr/lib/avr5\libm.a(fixunssfsi.o)
                0x00002e9c                __fixunssfsi
 .text.avr-libc.fplib
                0x00002efa       0x7a c:/program files (x86)/atmel/studio/7.0/toolchain/avr8/avr8-gnu-toolchain/bin/../lib/gcc/avr/5.4.0/../../../../avr/lib/avr5\libm.a(floatsisf.o)
                0x00002efa                __floatunsisf
                0x00002efe                __floatsisf
 .text.avr-libc.fplib
                0x00002f74        0xc c:/program files (x86)/atmel/studio/7.0/toolchain/avr8/avr8-gnu-toolchain/bin/../lib/gcc/avr/5.4.0/../../../../avr/lib/avr5\libm.a(fp_inf.o)
                0x00002f74                __fp_inf
 .text.avr-libc.fplib
                0x00002f80        0x6 c:/program files (x86)/atmel/studio/7.0/toolchain/avr8/avr8-gnu-toolchain/bin/../lib/gcc/avr/5.4.0/../../../../avr/lib/avr5\libm.a(fp_nan.o)
                0x00002f80                __fp_nan
 .text.avr-libc.fplib
                0x00002f86        0xe c:/program files (x86)/atmel/studio/7.0/toolchain/avr8/avr8-gnu-toolchain/bin/../lib/gcc/avr/5.4.0/../../../../avr/lib/avr5\libm.a(fp_pscA.o)
                0x00002f86                __fp_pscA
 .text.avr-libc.fplib
                0x00002f94        0xe c:/program files (x86)/atmel/studio/7.0/toolchain/avr8/avr8-gnu-toolchain/bin/../lib/gcc/avr/5.4.0/../../../../avr/lib/avr5\libm.a(fp_pscB.o)
                0x00002f94                __fp_pscB
 .text.avr-libc.fplib
                0x00002fa2       0x22 c:/program files (x86)/atmel/studio/7.0/toolchain/avr8/avr8-gnu-toolchain/bin/../lib/gcc/avr/5.4.0/../../../../avr/lib/avr5\libm.a(fp_round.o)
                0x00002fa2                __fp_round
 .text.avr-libc.fplib
                0x00002fc4       0x44 c:/program files (x86)/atmel/studio/7.0/toolchain/avr8/avr8-gnu-toolchain/bin/../lib/gcc/avr/5.4.0/../../../../avr/lib/avr5\libm.a(fp_split3.o)
                0x00002fc4                __fp_split3
                0x00002fd4                __fp_splitA
 .text.avr-libc.fplib
                0x00003008        0xe c:/program files (x86)/atmel/studio/7.0/toolchain/avr8/avr8-gnu-toolchain/bin/../lib/gcc/avr/5.4.0/../../../../avr/lib/avr5\libm.a(fp_zero.o)
                0x00003008                __fp_zero
                0x0000300a                __fp_szero
 .text.avr-libc.fplib
                0x00003016        0x8 c:/program files (x86)/atmel/studio/7.0/toolchain/avr8/avr8-gnu-toolchain/bin/../lib/gcc/avr/5.4.0/../../../../avr/lib/avr5\libm.a(mulsf3.o)
                0x00003016                __mulsf3
 .text.avr-libc.fplib
                0x0000301e       0xd2 c:/program files (x86)/atmel/studio/7.0/toolchain/avr8/avr8-gnu-toolchain/bin/../lib/gcc/avr/5.4.0/../../../../avr/lib/avr5\libm.a(mulsf3x.o)
                0x0000303c                __mulsf3x
                0x00003042                __mulsf3_pse
 .text.avr-libc
                0x000030f0      0x6fa c:/program files (x86)/atmel/studio/7.0/toolchain/avr8/avr8-gnu-toolchain/bin/../lib/gcc/avr/5.4.0/../../../../avr/lib/avr5\libprintf_flt.a(vfprintf_flt.o)
                0x000030f0                vfprintf
 .text.libgcc.div
                0x000037ea       0x44 c:/program files (x86)/atmel/studio/7.0/toolchain/avr8/avr8-gnu-toolchain/bin/../lib/gcc/avr/5.4.0/avr5\libgcc.a(_udivmodsi4.o)
                0x000037ea                __udivmodsi4
 .text.libgcc.mul
                0x0000382e       0x1e c:/program files (x86)/atmel/studio/7.0/toolchain/avr8/avr8-gnu-toolchain/bin/../lib/gcc/avr/5.4.0/avr5\libgcc.a(_umulhisi3.o)
                0x0000382e                __umulhisi3
 .text.libgcc.mul
                0x0000384c       0x16 c:/program files (x86)/atmel/studio/7.0/toolchain/avr8/avr8-gnu-toolchain/bin/../lib/gcc/avr/5.4.0/avr5\libgcc.a(_muluhisi3.o)
                0x0000384c                __muluhisi3
 .text.libgcc.prologue
                0x00003862       0x38 c:/program files (x86)/atmel/studio/7.0/toolchain/avr8/avr8-gnu-toolchain/bin/../lib/gcc/avr/5.4.0/avr5\libgcc.a(_prologue.o)
                0x00003862                __prologue_saves__
 .text.libgcc.prologue
                0x0000389a       0x36 c:/program files (x86)/atmel/studio/7.0/toolchain/avr8/avr8-gnu-toolchain/bin/../lib/gcc/avr/5.4.0/avr5\libgcc.a(_epilogue.o)
                0x0000389a                __epilogue_restores__
 .text.avr-libc
                0x000038d0      0x1b0 c:/program files (x86)/atmel/studio/7.0/toolchain/avr8/avr8-gnu-toolchain/bin/../lib/gcc/avr/5.4.0/../../../../avr/lib/avr5\libc.a(ftoa_engine.o)
                0x000038d0                __ftoa_engine
 .text.avr-libc
                0x00003a80       0x16 c:/program files (x86)/atmel/studio/7.0/toolchain/avr8/avr8-gnu-toolchain/bin/../lib/gcc/avr/5.4.0/../../../../avr/lib/avr5\libc.a(strnlen_P.o)
                0x00003a80                strnlen_P
 .text.avr-libc
                0x00003a96        0xe c:/program files (x86)/atmel/studio/7.0/toolchain/avr8/avr8-gnu-toolchain/bin/../lib/gcc/avr/5.4.0/../../../../avr/lib/avr5\libc.a(memset.o)
                0x00003a96                memset
 .text.avr-libc
                0x00003aa4       0x16 c:/program files (x86)/atmel/studio/7.0/toolchain/avr8/avr8-gnu-toolchain/bin/../lib/gcc/avr/5.4.0/../../../../avr/lib/avr5\libc.a(strnlen.o)
                0x00003aa4                strnlen
 .text.avr-libc
                0x00003aba       0x78 c:/program files (x86)/atmel/studio/7.0/toolchain/avr8/avr8-gnu-toolchain/bin/../lib/gcc/avr/5.4.0/../../../../avr/lib/avr5\libc.a(fputc.o)
                0x00003aba                fputc
 .text.avr-libc
                0x00003b32       0x44 c:/program files (x86)/atmel/studio/7.0/toolchain/avr8/avr8-gnu-toolchain/bin/../lib/gcc/avr/5.4.0/../../../../avr/lib/avr5\libc.a(sprintf.o)
                0x00003b32                sprintf
 .text.avr-libc
                0x00003b76       0xbc c:/program files (x86)/atmel/studio/7.0/toolchain/avr8/avr8-gnu-toolchain/bin/../lib/gcc/avr/5.4.0/../../../../avr/lib/avr5\libc.a(ultoa_invert.o)
                0x00003b76                __ultoa_invert
                0x00003c32                . = ALIGN (0x2)
 *(.fini9)
 .fini9         0x00003c32        0x0 c:/program files (x86)/atmel/studio/7.0/toolchain/avr8/avr8-gnu-toolchain/bin/../lib/gcc/avr/5.4.0/avr5\libgcc.a(_exit.o)
                0x00003c32                exit
                0x00003c32                _exit
 *(.fini9)
 *(.fini8)
 *(.fini8)
 *(.fini7)
 *(.fini7)
 *(.fini6)
 *(.fini6)
 *(.fini5)
 *(.fini5)
 *(.fini4)
 *(.fini4)
 *(.fini3)
 *(.fini3)
 *(.fini2)
 *(.fini2)
 *(.fini1)
 *(.fini1)
 *(.fini0)
 .fini0         0x00003c32        0x4 c:/program files (x86)/atmel/studio/7.0/toolchain/avr8/avr8-gnu-toolchain/bin/../lib/gcc/avr/5.4.0/avr5\libgcc.a(_exit.o)
 *(.fini0)
                0x00003c36                _etext = .

.data           0x00800100      0x1cc load address 0x00003c36
                0x00800100                PROVIDE (__data_start, .)
 *(.data)
 *(.data*)
 .data.adc_convert_done
                0x00800100        0x1 lib/adc_hal.o
 .data.lcd_rst_pin
                0x00800101        0x3 lib/display_fn.o
                0x00800101                lcd_rst_pin
 .data.lcd_cmd_pin
                0x00800104        0x3 lib/display_fn.o
                0x00800104                lcd_cmd_pin
 .data.lcd_cs_pin
                0x00800107        0x3 lib/display_fn.o
                0x00800107                lcd_cs_pin
 .data.rtc_config_1
                0x0080010a        0x2 lib/rtc.o
                0x0080010a                rtc_config_1
 .data.spi_ss_pin
                0x0080010c        0x3 lib/spi1_hall.o
                0x0080010c                spi_ss_pin
 .data.spi_clk_pin
                0x0080010f        0x3 lib/spi1_hall.o
                0x0080010f                spi_clk_pin
 .data.spi_tx_pin
                0x00800112        0x3 lib/spi1_hall.o
                0x00800112                spi_tx_pin
 .data.status   0x00800115        0x1 lib/twi_hal1.o
                0x00800115                status
 .data.read_complete
                0x00800116        0x1 lib/uart_hal.o
                0x00800116                read_complete
 .data.uart_tx_busy
                0x00800117        0x1 lib/uart_hal.o
 .data.sys_rtc  0x00800118        0x8 main.o
                0x00800118                sys_rtc
 .data.deb_led  0x00800120        0x3 main.o
                0x00800120                deb_led
 .data.ext_led  0x00800123        0x3 main.o
                0x00800123                ext_led
 .data.lcd_blk  0x00800126        0x3 main.o
                0x00800126                lcd_blk
 .data.rtc_int  0x00800129        0x3 main.o
                0x00800129                rtc_int
 .data.mystdout
                0x0080012c        0xe main.o
 *(.gnu.linkonce.d*)
 *(.rodata)
 .rodata        0x0080013a       0x80 main.o
 *(.rodata*)
 .rodata.str1.1
                0x008001ba       0xa7 main.o
 .rodata.u8g2_cb_r0
                0x00800261        0x6 u8g2/u8g2_setup.o
                0x00800261                u8g2_cb_r0
 .rodata.u8x8_ssd1306_128x32_univision_display_info
                0x00800267       0x18 u8g2/u8x8_d_ssd1306_128x32.o
 .rodata.u8x8_d_ssd1306_128x32_univision_flip1_seq
                0x0080027f        0x7 u8g2/u8x8_d_ssd1306_128x32.o
 .rodata.u8x8_d_ssd1306_128x32_univision_flip0_seq
                0x00800286        0x7 u8g2/u8x8_d_ssd1306_128x32.o
 .rodata.u8x8_d_ssd1306_128x32_univision_powersave1_seq
                0x0080028d        0x5 u8g2/u8x8_d_ssd1306_128x32.o
 .rodata.u8x8_d_ssd1306_128x32_univision_powersave0_seq
                0x00800292        0x5 u8g2/u8x8_d_ssd1306_128x32.o
 .rodata.u8x8_d_ssd1306_128x32_univision_init_seq
                0x00800297       0x35 u8g2/u8x8_d_ssd1306_128x32.o
 *(.gnu.linkonce.r*)
                0x008002cc                . = ALIGN (0x2)
                0x008002cc                _edata = .
                0x008002cc                PROVIDE (__data_end, .)

.bss            0x008002cc      0x375
                0x008002cc                PROVIDE (__bss_start, .)
 *(.bss)
 *(.bss*)
 .bss.INA_ADDR  0x008002cc        0x1 lib/bms_ina22x.o
                0x008002cc                INA_ADDR
 .bss.rtc_config_3
                0x008002cd        0x1 lib/rtc.o
                0x008002cd                rtc_config_3
 .bss.rtc_config_2
                0x008002ce        0x1 lib/rtc.o
                0x008002ce                rtc_config_2
 .bss.spi_txrx_done
                0x008002cf        0x1 lib/spi1_hall.o
                0x008002cf                spi_txrx_done
 .bss.test_array
                0x008002d0       0x80 lib/uart_hal.o
                0x008002d0                test_array
 .bss.rx_count  0x00800350        0x2 lib/uart_hal.o
 .bss.BAT_VOLT  0x00800352        0x2 main.o
                0x00800352                BAT_VOLT
 .bss.rtc_int_request
                0x00800354        0x1 main.o
                0x00800354                rtc_int_request
 .bss.buf.10713
                0x00800355      0x200 u8g2/u8g2_d_memory.o
 .bss.buffer.3607
                0x00800555       0x20 u8g2/u8x8_byte.o
 .bss.buf_idx.3608
                0x00800575        0x1 u8g2/u8x8_byte.o
 .bss.in_transfer.3593
                0x00800576        0x1 u8g2/u8x8_cad.o
 *(COMMON)
 COMMON         0x00800577       0xc4 main.o
                0x00800577                lcd
                0x008005ed                display_line
                0x0080062d                dc_source1
 COMMON         0x0080063b        0x6 c:/program files (x86)/atmel/studio/7.0/toolchain/avr8/avr8-gnu-toolchain/bin/../lib/gcc/avr/5.4.0/../../../../avr/lib/avr5\libc.a(iob.o)
                0x0080063b                __iob
                0x00800641                PROVIDE (__bss_end, .)
                0x00003c36                __data_load_start = LOADADDR (.data)
                0x00003e02                __data_load_end = (__data_load_start + SIZEOF (.data))

.noinit         0x00800641        0x0
                [!provide]                PROVIDE (__noinit_start, .)
 *(.noinit*)
                [!provide]                PROVIDE (__noinit_end, .)
                0x00800641                _end = .
                [!provide]                PROVIDE (__heap_start, .)

.eeprom         0x00810000        0x0
 *(.eeprom*)
                0x00810000                __eeprom_end = .

.fuse
 *(.fuse)
 *(.lfuse)
 *(.hfuse)
 *(.efuse)

.lock
 *(.lock*)

.signature
 *(.signature*)

.user_signatures
 *(.user_signatures*)

.stab
 *(.stab)

.stabstr
 *(.stabstr)

.stab.excl
 *(.stab.excl)

.stab.exclstr
 *(.stab.exclstr)

.stab.index
 *(.stab.index)

.stab.indexstr
 *(.stab.indexstr)

.comment        0x00000000       0x5c
 *(.comment)
 .comment       0x00000000       0x30 lib/adc_hal.o
                                 0x31 (size before relaxing)
 .comment       0x00000030       0x31 lib/bms_ina22x.o
 .comment       0x00000030       0x31 lib/display_fn.o
 .comment       0x00000030       0x31 lib/gpio_driver.o
 .comment       0x00000030       0x31 lib/rtc.o
 .comment       0x00000030       0x31 lib/spi1_hall.o
 .comment       0x00000030       0x31 lib/twi_hal1.o
 .comment       0x00000030       0x31 lib/uart_hal.o
 .comment       0x00000030       0x31 main.o
 .comment       0x00000030       0x31 u8g2/u8g2_buffer.o
 .comment       0x00000030       0x31 u8g2/u8g2_d_memory.o
 .comment       0x00000030       0x31 u8g2/u8g2_d_setup.o
 .comment       0x00000030       0x31 u8g2/u8g2_font.o
 .comment       0x00000030       0x31 u8g2/u8g2_fonts.o
 .comment       0x00000030       0x31 u8g2/u8g2_hvline.o
 .comment       0x00000030       0x31 u8g2/u8g2_intersection.o
 .comment       0x00000030       0x31 u8g2/u8g2_ll_hvline.o
 .comment       0x00000030       0x31 u8g2/u8g2_setup.o
 .comment       0x00000030       0x31 u8g2/u8x8_8x8.o
 .comment       0x00000030       0x31 u8g2/u8x8_byte.o
 .comment       0x00000030       0x31 u8g2/u8x8_cad.o
 .comment       0x00000030       0x31 u8g2/u8x8_display.o
 .comment       0x00000030       0x31 u8g2/u8x8_d_ssd1306_128x32.o
 .comment       0x00000030       0x31 u8g2/u8x8_gpio.o
 .comment       0x00000030       0x31 u8g2/u8x8_setup.o
 .comment       0x00000030       0x2c c:/program files (x86)/atmel/studio/7.0/toolchain/avr8/avr8-gnu-toolchain/bin/../lib/gcc/avr/5.4.0/../../../../avr/lib/avr5\libprintf_flt.a(vfprintf_flt.o)
                                 0x2d (size before relaxing)
 .comment       0x0000005c       0x31 c:/program files (x86)/atmel/studio/7.0/toolchain/avr8/avr8-gnu-toolchain/bin/../lib/gcc/avr/5.4.0/../../../../avr/lib/avr5\libc.a(fputc.o)
 .comment       0x0000005c       0x31 c:/program files (x86)/atmel/studio/7.0/toolchain/avr8/avr8-gnu-toolchain/bin/../lib/gcc/avr/5.4.0/../../../../avr/lib/avr5\libc.a(iob.o)
 .comment       0x0000005c       0x31 c:/program files (x86)/atmel/studio/7.0/toolchain/avr8/avr8-gnu-toolchain/bin/../lib/gcc/avr/5.4.0/../../../../avr/lib/avr5\libc.a(sprintf.o)

.note.gnu.avr.deviceinfo
                0x00000000       0x40
 .note.gnu.avr.deviceinfo
                0x00000000       0x40 C:/Program Files (x86)/Atmel/Studio/7.0/Packs/atmel/ATmega_DFP/1.7.374/gcc/dev/atmega328pb/avr5/crtatmega328pb.o

.note.gnu.build-id
 *(.note.gnu.build-id)

.debug
 *(.debug)

.line
 *(.line)

.debug_srcinfo
 *(.debug_srcinfo)

.debug_sfnames
 *(.debug_sfnames)

.debug_aranges  0x00000000     0x2b88
 *(.debug_aranges)
 .debug_aranges
                0x00000000       0x58 lib/adc_hal.o
 .debug_aranges
                0x00000058       0x38 lib/bms_ina22x.o
 .debug_aranges
                0x00000090       0x50 lib/display_fn.o
 .debug_aranges
                0x000000e0       0x48 lib/gpio_driver.o
 .debug_aranges
                0x00000128       0x48 lib/rtc.o
 .debug_aranges
                0x00000170       0x60 lib/spi1_hall.o
 .debug_aranges
                0x000001d0       0x58 lib/twi_hal1.o
 .debug_aranges
                0x00000228       0x70 lib/uart_hal.o
 .debug_aranges
                0x00000298       0x28 main.o
 .debug_aranges
                0x000002c0       0x78 u8g2/u8g2_buffer.o
 .debug_aranges
                0x00000338      0x5d0 u8g2/u8g2_d_memory.o
 .debug_aranges
                0x00000908     0x1c20 u8g2/u8g2_d_setup.o
 .debug_aranges
                0x00002528      0x1b0 u8g2/u8g2_font.o
 .debug_aranges
                0x000026d8       0x18 u8g2/u8g2_fonts.o
 .debug_aranges
                0x000026f0       0x48 u8g2/u8g2_hvline.o
 .debug_aranges
                0x00002738       0x28 u8g2/u8g2_intersection.o
 .debug_aranges
                0x00002760       0x28 u8g2/u8g2_ll_hvline.o
 .debug_aranges
                0x00002788       0xc8 u8g2/u8g2_setup.o
 .debug_aranges
                0x00002850       0xb8 u8g2/u8x8_8x8.o
 .debug_aranges
                0x00002908       0x98 u8g2/u8x8_byte.o
 .debug_aranges
                0x000029a0       0xd0 u8g2/u8x8_cad.o
 .debug_aranges
                0x00002a70       0x88 u8g2/u8x8_display.o
 .debug_aranges
                0x00002af8       0x38 u8g2/u8x8_d_ssd1306_128x32.o
 .debug_aranges
                0x00002b30       0x20 u8g2/u8x8_gpio.o
 .debug_aranges
                0x00002b50       0x38 u8g2/u8x8_setup.o

.debug_pubnames
 *(.debug_pubnames)

.debug_info     0x00000000    0x5925e
 *(.debug_info .gnu.linkonce.wi.*)
 .debug_info    0x00000000      0x8ea C:/Program Files (x86)/Atmel/Studio/7.0/Packs/atmel/ATmega_DFP/1.7.374/gcc/dev/atmega328pb/avr5/crtatmega328pb.o
 .debug_info    0x000008ea      0x20d lib/adc_hal.o
 .debug_info    0x00000af7      0x2bb lib/bms_ina22x.o
 .debug_info    0x00000db2      0x74b lib/display_fn.o
 .debug_info    0x000014fd      0x28d lib/gpio_driver.o
 .debug_info    0x0000178a      0x50a lib/rtc.o
 .debug_info    0x00001c94      0x613 lib/spi1_hall.o
 .debug_info    0x000022a7      0x556 lib/twi_hal1.o
 .debug_info    0x000027fd      0x309 lib/uart_hal.o
 .debug_info    0x00002b06     0x12ed main.o
 .debug_info    0x00003df3      0xeac u8g2/u8g2_buffer.o
 .debug_info    0x00004c9f     0x345a u8g2/u8g2_d_memory.o
 .debug_info    0x000080f9    0x33095 u8g2/u8g2_d_setup.o
 .debug_info    0x0003b18e     0x2fe2 u8g2/u8g2_font.o
 .debug_info    0x0003e170    0x11d42 u8g2/u8g2_fonts.o
 .debug_info    0x0004feb2      0xc44 u8g2/u8g2_hvline.o
 .debug_info    0x00050af6      0x965 u8g2/u8g2_intersection.o
 .debug_info    0x0005145b      0x9c3 u8g2/u8g2_ll_hvline.o
 .debug_info    0x00051e1e     0x1261 u8g2/u8g2_setup.o
 .debug_info    0x0005307f     0x13f6 u8g2/u8x8_8x8.o
 .debug_info    0x00054475     0x1461 u8g2/u8x8_byte.o
 .debug_info    0x000558d6     0x1d1a u8g2/u8x8_cad.o
 .debug_info    0x000575f0      0xa26 u8g2/u8x8_display.o
 .debug_info    0x00058016      0x949 u8g2/u8x8_d_ssd1306_128x32.o
 .debug_info    0x0005895f      0x3cd u8g2/u8x8_gpio.o
 .debug_info    0x00058d2c      0x532 u8g2/u8x8_setup.o

.debug_abbrev   0x00000000     0x344b
 *(.debug_abbrev)
 .debug_abbrev  0x00000000      0x86e C:/Program Files (x86)/Atmel/Studio/7.0/Packs/atmel/ATmega_DFP/1.7.374/gcc/dev/atmega328pb/avr5/crtatmega328pb.o
 .debug_abbrev  0x0000086e      0x125 lib/adc_hal.o
 .debug_abbrev  0x00000993      0x148 lib/bms_ina22x.o
 .debug_abbrev  0x00000adb      0x1c5 lib/display_fn.o
 .debug_abbrev  0x00000ca0       0xff lib/gpio_driver.o
 .debug_abbrev  0x00000d9f      0x1aa lib/rtc.o
 .debug_abbrev  0x00000f49      0x210 lib/spi1_hall.o
 .debug_abbrev  0x00001159      0x1b7 lib/twi_hal1.o
 .debug_abbrev  0x00001310      0x166 lib/uart_hal.o
 .debug_abbrev  0x00001476      0x1e1 main.o
 .debug_abbrev  0x00001657      0x224 u8g2/u8g2_buffer.o
 .debug_abbrev  0x0000187b       0xdb u8g2/u8g2_d_memory.o
 .debug_abbrev  0x00001956      0x18a u8g2/u8g2_d_setup.o
 .debug_abbrev  0x00001ae0      0x3d5 u8g2/u8g2_font.o
 .debug_abbrev  0x00001eb5       0x8b u8g2/u8g2_fonts.o
 .debug_abbrev  0x00001f40      0x1aa u8g2/u8g2_hvline.o
 .debug_abbrev  0x000020ea      0x14d u8g2/u8g2_intersection.o
 .debug_abbrev  0x00002237      0x134 u8g2/u8g2_ll_hvline.o
 .debug_abbrev  0x0000236b      0x262 u8g2/u8g2_setup.o
 .debug_abbrev  0x000025cd      0x36a u8g2/u8x8_8x8.o
 .debug_abbrev  0x00002937      0x2cc u8g2/u8x8_byte.o
 .debug_abbrev  0x00002c03      0x25f u8g2/u8x8_cad.o
 .debug_abbrev  0x00002e62      0x1c2 u8g2/u8x8_display.o
 .debug_abbrev  0x00003024      0x1be u8g2/u8x8_d_ssd1306_128x32.o
 .debug_abbrev  0x000031e2       0xec u8g2/u8x8_gpio.o
 .debug_abbrev  0x000032ce      0x17d u8g2/u8x8_setup.o

.debug_line     0x00000000    0x1327d
 *(.debug_line .debug_line.* .debug_line_end)
 .debug_line    0x00000000      0x1a6 C:/Program Files (x86)/Atmel/Studio/7.0/Packs/atmel/ATmega_DFP/1.7.374/gcc/dev/atmega328pb/avr5/crtatmega328pb.o
 .debug_line    0x000001a6      0x35a lib/adc_hal.o
 .debug_line    0x00000500      0x3d7 lib/bms_ina22x.o
 .debug_line    0x000008d7      0x55c lib/display_fn.o
 .debug_line    0x00000e33      0x376 lib/gpio_driver.o
 .debug_line    0x000011a9      0x4dd lib/rtc.o
 .debug_line    0x00001686      0x534 lib/spi1_hall.o
 .debug_line    0x00001bba      0x630 lib/twi_hal1.o
 .debug_line    0x000021ea      0x4b0 lib/uart_hal.o
 .debug_line    0x0000269a      0x5da main.o
 .debug_line    0x00002c74      0x52e u8g2/u8g2_buffer.o
 .debug_line    0x000031a2     0x1784 u8g2/u8g2_d_memory.o
 .debug_line    0x00004926     0x9270 u8g2/u8g2_d_setup.o
 .debug_line    0x0000db96     0x10fa u8g2/u8g2_font.o
 .debug_line    0x0000ec90      0x2ce u8g2/u8g2_fonts.o
 .debug_line    0x0000ef5e      0x471 u8g2/u8g2_hvline.o
 .debug_line    0x0000f3cf      0x333 u8g2/u8g2_intersection.o
 .debug_line    0x0000f702      0x464 u8g2/u8g2_ll_hvline.o
 .debug_line    0x0000fb66      0x7b4 u8g2/u8g2_setup.o
 .debug_line    0x0001031a      0x8d4 u8g2/u8x8_8x8.o
 .debug_line    0x00010bee      0x984 u8g2/u8x8_byte.o
 .debug_line    0x00011572      0xd4d u8g2/u8x8_cad.o
 .debug_line    0x000122bf      0x4e5 u8g2/u8x8_display.o
 .debug_line    0x000127a4      0x46f u8g2/u8x8_d_ssd1306_128x32.o
 .debug_line    0x00012c13      0x2d9 u8g2/u8x8_gpio.o
 .debug_line    0x00012eec      0x391 u8g2/u8x8_setup.o

.debug_frame    0x00000000    0x10ab0
 *(.debug_frame)
 .debug_frame   0x00000000       0xa4 lib/adc_hal.o
 .debug_frame   0x000000a4       0xa8 lib/bms_ina22x.o
 .debug_frame   0x0000014c       0x84 lib/display_fn.o
 .debug_frame   0x000001d0       0x74 lib/gpio_driver.o
 .debug_frame   0x00000244       0xe4 lib/rtc.o
 .debug_frame   0x00000328      0x100 lib/spi1_hall.o
 .debug_frame   0x00000428      0x10c lib/twi_hal1.o
 .debug_frame   0x00000534      0x114 lib/uart_hal.o
 .debug_frame   0x00000648       0x58 main.o
 .debug_frame   0x000006a0      0x1c8 u8g2/u8g2_buffer.o
 .debug_frame   0x00000868      0xb84 u8g2/u8g2_d_memory.o
 .debug_frame   0x000013ec     0xe054 u8g2/u8g2_d_setup.o
 .debug_frame   0x0000f440      0x6fc u8g2/u8g2_font.o
 .debug_frame   0x0000fb3c       0xb4 u8g2/u8g2_hvline.o
 .debug_frame   0x0000fbf0       0x5c u8g2/u8g2_intersection.o
 .debug_frame   0x0000fc4c       0x68 u8g2/u8g2_ll_hvline.o
 .debug_frame   0x0000fcb4      0x240 u8g2/u8g2_setup.o
 .debug_frame   0x0000fef4      0x308 u8g2/u8x8_8x8.o
 .debug_frame   0x000101fc      0x248 u8g2/u8x8_byte.o
 .debug_frame   0x00010444      0x39c u8g2/u8x8_cad.o
 .debug_frame   0x000107e0      0x190 u8g2/u8x8_display.o
 .debug_frame   0x00010970       0x94 u8g2/u8x8_d_ssd1306_128x32.o
 .debug_frame   0x00010a04       0x24 u8g2/u8x8_gpio.o
 .debug_frame   0x00010a28       0x88 u8g2/u8x8_setup.o

.debug_str      0x00000000    0x23def
 *(.debug_str)
 .debug_str     0x00000000      0x318 C:/Program Files (x86)/Atmel/Studio/7.0/Packs/atmel/ATmega_DFP/1.7.374/gcc/dev/atmega328pb/avr5/crtatmega328pb.o
 .debug_str     0x00000318     0x7412 lib/adc_hal.o
                               0x74bd (size before relaxing)
 .debug_str     0x0000772a     0x1144 lib/bms_ina22x.o
                               0x8592 (size before relaxing)
 .debug_str     0x0000886e     0x56c2 lib/display_fn.o
                               0xd73e (size before relaxing)
 .debug_str     0x0000df30       0xa7 lib/gpio_driver.o
                               0x7d29 (size before relaxing)
 .debug_str     0x0000dfd7      0x27a lib/rtc.o
                               0x8373 (size before relaxing)
 .debug_str     0x0000e251       0xbc lib/spi1_hall.o
                               0x812a (size before relaxing)
 .debug_str     0x0000e30d       0xdb lib/twi_hal1.o
                               0x81c6 (size before relaxing)
 .debug_str     0x0000e3e8       0xff lib/uart_hal.o
                               0x7c1f (size before relaxing)
 .debug_str     0x0000e4e7     0x298d main.o
                              0x106e2 (size before relaxing)
 .debug_str     0x00010e74      0x1d4 u8g2/u8g2_buffer.o
                               0xcfbf (size before relaxing)
 .debug_str     0x00011048      0xa62 u8g2/u8g2_d_memory.o
                               0xcfcf (size before relaxing)
 .debug_str     0x00011aaa     0x6f39 u8g2/u8g2_d_setup.o
                              0x145d5 (size before relaxing)
 .debug_str     0x000189e3      0x619 u8g2/u8g2_font.o
                               0xd2a8 (size before relaxing)
 .debug_str     0x00018ffc     0x9fd1 u8g2/u8g2_fonts.o
                              0x17473 (size before relaxing)
 .debug_str     0x00022fcd      0x22d u8g2/u8g2_hvline.o
                               0xce81 (size before relaxing)
 .debug_str     0x000231fa       0x7c u8g2/u8g2_intersection.o
                               0xccc1 (size before relaxing)
 .debug_str     0x00023276       0x66 u8g2/u8g2_ll_hvline.o
                               0xce69 (size before relaxing)
 .debug_str     0x000232dc      0x264 u8g2/u8g2_setup.o
                               0xd25f (size before relaxing)
 .debug_str     0x00023540      0x1c2 u8g2/u8x8_8x8.o
                               0xa39a (size before relaxing)
 .debug_str     0x00023702      0x193 u8g2/u8x8_byte.o
                               0xa36c (size before relaxing)
 .debug_str     0x00023895      0x1c2 u8g2/u8x8_cad.o
                               0xa426 (size before relaxing)
 .debug_str     0x00023a57      0x101 u8g2/u8x8_display.o
                               0xa329 (size before relaxing)
 .debug_str     0x00023b58      0x227 u8g2/u8x8_d_ssd1306_128x32.o
                               0xa4ba (size before relaxing)
 .debug_str     0x00023d7f       0x14 u8g2/u8x8_gpio.o
                               0xa1b7 (size before relaxing)
 .debug_str     0x00023d93       0x5c u8g2/u8x8_setup.o
                               0xa25a (size before relaxing)

.debug_loc      0x00000000    0x68d48
 *(.debug_loc)
 .debug_loc     0x00000000       0xdd lib/adc_hal.o
 .debug_loc     0x000000dd      0x208 lib/bms_ina22x.o
 .debug_loc     0x000002e5      0x30a lib/display_fn.o
 .debug_loc     0x000005ef      0x134 lib/gpio_driver.o
 .debug_loc     0x00000723      0x41d lib/rtc.o
 .debug_loc     0x00000b40      0x300 lib/spi1_hall.o
 .debug_loc     0x00000e40      0x83e lib/twi_hal1.o
 .debug_loc     0x0000167e      0x2dc lib/uart_hal.o
 .debug_loc     0x0000195a       0x84 main.o
 .debug_loc     0x000019de      0x910 u8g2/u8g2_buffer.o
 .debug_loc     0x000022ee     0x1c98 u8g2/u8g2_d_memory.o
 .debug_loc     0x00003f86    0x58e96 u8g2/u8g2_d_setup.o
 .debug_loc     0x0005ce1c     0x3de1 u8g2/u8g2_font.o
 .debug_loc     0x00060bfd      0x7fb u8g2/u8g2_hvline.o
 .debug_loc     0x000613f8      0x1eb u8g2/u8g2_intersection.o
 .debug_loc     0x000615e3      0x53e u8g2/u8g2_ll_hvline.o
 .debug_loc     0x00061b21      0xf2b u8g2/u8g2_setup.o
 .debug_loc     0x00062a4c     0x1922 u8g2/u8x8_8x8.o
 .debug_loc     0x0006436e     0x18f4 u8g2/u8x8_byte.o
 .debug_loc     0x00065c62     0x21d5 u8g2/u8x8_cad.o
 .debug_loc     0x00067e37      0x5ed u8g2/u8x8_display.o
 .debug_loc     0x00068424      0x5dd u8g2/u8x8_d_ssd1306_128x32.o
 .debug_loc     0x00068a01       0x68 u8g2/u8x8_gpio.o
 .debug_loc     0x00068a69      0x2df u8g2/u8x8_setup.o

.debug_macinfo
 *(.debug_macinfo)

.debug_weaknames
 *(.debug_weaknames)

.debug_funcnames
 *(.debug_funcnames)

.debug_typenames
 *(.debug_typenames)

.debug_varnames
 *(.debug_varnames)

.debug_pubtypes
 *(.debug_pubtypes)

.debug_ranges   0x00000000     0x2bd8
 *(.debug_ranges)
 .debug_ranges  0x00000000       0x48 lib/adc_hal.o
 .debug_ranges  0x00000048       0x28 lib/bms_ina22x.o
 .debug_ranges  0x00000070       0x70 lib/display_fn.o
 .debug_ranges  0x000000e0       0x38 lib/gpio_driver.o
 .debug_ranges  0x00000118       0x38 lib/rtc.o
 .debug_ranges  0x00000150       0x68 lib/spi1_hall.o
 .debug_ranges  0x000001b8       0xb8 lib/twi_hal1.o
 .debug_ranges  0x00000270       0x60 lib/uart_hal.o
 .debug_ranges  0x000002d0       0x18 main.o
 .debug_ranges  0x000002e8       0x68 u8g2/u8g2_buffer.o
 .debug_ranges  0x00000350      0x5c0 u8g2/u8g2_d_memory.o
 .debug_ranges  0x00000910     0x1c10 u8g2/u8g2_d_setup.o
 .debug_ranges  0x00002520      0x278 u8g2/u8g2_font.o
 .debug_ranges  0x00002798       0x38 u8g2/u8g2_hvline.o
 .debug_ranges  0x000027d0       0x18 u8g2/u8g2_intersection.o
 .debug_ranges  0x000027e8       0x18 u8g2/u8g2_ll_hvline.o
 .debug_ranges  0x00002800       0xb8 u8g2/u8g2_setup.o
 .debug_ranges  0x000028b8       0xd8 u8g2/u8x8_8x8.o
 .debug_ranges  0x00002990       0xb0 u8g2/u8x8_byte.o
 .debug_ranges  0x00002a40       0xc0 u8g2/u8x8_cad.o
 .debug_ranges  0x00002b00       0x78 u8g2/u8x8_display.o
 .debug_ranges  0x00002b78       0x28 u8g2/u8x8_d_ssd1306_128x32.o
 .debug_ranges  0x00002ba0       0x10 u8g2/u8x8_gpio.o
 .debug_ranges  0x00002bb0       0x28 u8g2/u8x8_setup.o

.debug_macro    0x00000000     0x6566
 *(.debug_macro)
 .debug_macro   0x00000000       0xb3 lib/adc_hal.o
 .debug_macro   0x000000b3      0xa4e lib/adc_hal.o
 .debug_macro   0x00000b01       0x10 lib/adc_hal.o
 .debug_macro   0x00000b11       0x10 lib/adc_hal.o
 .debug_macro   0x00000b21      0x1c9 lib/adc_hal.o
 .debug_macro   0x00000cea      0x2fc lib/adc_hal.o
 .debug_macro   0x00000fe6       0x9e lib/adc_hal.o
 .debug_macro   0x00001084       0x19 lib/adc_hal.o
 .debug_macro   0x0000109d     0x1597 lib/adc_hal.o
 .debug_macro   0x00002634      0x156 lib/adc_hal.o
 .debug_macro   0x0000278a       0xbd lib/adc_hal.o
 .debug_macro   0x00002847       0x34 lib/adc_hal.o
 .debug_macro   0x0000287b       0x18 lib/adc_hal.o
 .debug_macro   0x00002893       0x6c lib/adc_hal.o
 .debug_macro   0x000028ff       0x63 lib/adc_hal.o
 .debug_macro   0x00002962       0x16 lib/adc_hal.o
 .debug_macro   0x00002978      0x128 lib/bms_ina22x.o
 .debug_macro   0x00002aa0       0x16 lib/bms_ina22x.o
 .debug_macro   0x00002ab6       0x97 lib/bms_ina22x.o
 .debug_macro   0x00002b4d       0x16 lib/bms_ina22x.o
 .debug_macro   0x00002b63       0x22 lib/bms_ina22x.o
 .debug_macro   0x00002b85      0x18a lib/bms_ina22x.o
 .debug_macro   0x00002d0f       0x58 lib/bms_ina22x.o
 .debug_macro   0x00002d67       0x10 lib/bms_ina22x.o
 .debug_macro   0x00002d77       0x20 lib/bms_ina22x.o
 .debug_macro   0x00002d97       0xf2 lib/bms_ina22x.o
 .debug_macro   0x00002e89       0x69 lib/bms_ina22x.o
 .debug_macro   0x00002ef2       0x10 lib/bms_ina22x.o
 .debug_macro   0x00002f02      0x160 lib/bms_ina22x.o
 .debug_macro   0x00003062       0x52 lib/bms_ina22x.o
 .debug_macro   0x000030b4      0x19e lib/display_fn.o
 .debug_macro   0x00003252       0x10 lib/display_fn.o
 .debug_macro   0x00003262      0x16d lib/display_fn.o
 .debug_macro   0x000033cf      0x10c lib/display_fn.o
 .debug_macro   0x000034db       0x10 lib/display_fn.o
 .debug_macro   0x000034eb      0x302 lib/display_fn.o
 .debug_macro   0x000037ed       0x35 lib/display_fn.o
 .debug_macro   0x00003822       0xaa lib/display_fn.o
 .debug_macro   0x000038cc       0xee lib/display_fn.o
 .debug_macro   0x000039ba      0x337 lib/display_fn.o
 .debug_macro   0x00003cf1      0x6f2 lib/display_fn.o
 .debug_macro   0x000043e3       0x16 lib/display_fn.o
 .debug_macro   0x000043f9       0xdd lib/gpio_driver.o
 .debug_macro   0x000044d6      0x128 lib/rtc.o
 .debug_macro   0x000045fe       0xdc lib/rtc.o
 .debug_macro   0x000046da      0x108 lib/spi1_hall.o
 .debug_macro   0x000047e2      0x166 lib/spi1_hall.o
 .debug_macro   0x00004948       0x10 lib/spi1_hall.o
 .debug_macro   0x00004958      0x114 lib/twi_hal1.o
 .debug_macro   0x00004a6c       0xe4 lib/uart_hal.o
 .debug_macro   0x00004b50      0x1ee main.o
 .debug_macro   0x00004d3e       0x49 main.o
 .debug_macro   0x00004d87       0xe8 main.o
 .debug_macro   0x00004e6f      0x872 main.o
 .debug_macro   0x000056e1       0xa4 main.o
 .debug_macro   0x00005785       0x1c main.o
 .debug_macro   0x000057a1       0xe8 u8g2/u8g2_buffer.o
 .debug_macro   0x00005889       0xd0 u8g2/u8g2_d_memory.o
 .debug_macro   0x00005959       0xd0 u8g2/u8g2_d_setup.o
 .debug_macro   0x00005a29       0xd6 u8g2/u8g2_font.o
 .debug_macro   0x00005aff       0xd0 u8g2/u8g2_fonts.o
 .debug_macro   0x00005bcf       0xf7 u8g2/u8g2_hvline.o
 .debug_macro   0x00005cc6       0x1c u8g2/u8g2_hvline.o
 .debug_macro   0x00005ce2       0x5a u8g2/u8g2_hvline.o
 .debug_macro   0x00005d3c       0xd6 u8g2/u8g2_intersection.o
 .debug_macro   0x00005e12       0xf7 u8g2/u8g2_ll_hvline.o
 .debug_macro   0x00005f09      0x10f u8g2/u8g2_setup.o
 .debug_macro   0x00006018       0xc1 u8g2/u8x8_8x8.o
 .debug_macro   0x000060d9       0xc1 u8g2/u8x8_byte.o
 .debug_macro   0x0000619a       0xc1 u8g2/u8x8_cad.o
 .debug_macro   0x0000625b       0xc1 u8g2/u8x8_display.o
 .debug_macro   0x0000631c       0xc8 u8g2/u8x8_d_ssd1306_128x32.o
 .debug_macro   0x000063e4       0xc1 u8g2/u8x8_gpio.o
 .debug_macro   0x000064a5       0xc1 u8g2/u8x8_setup.o
OUTPUT(m328pb_new_controller_template.elf elf32-avr)
LOAD linker stubs
